chrom	start	end	sample	S*_score	S*_SNP_number	S*_SNPs
21	0	50000	ind1	51470.0	6	2309,25354,26654,29724,40809,45079
21	0	50000	ind2	86110.0	10	7879,17324,19124,26654,29724,30769,38009,40809,45079,48989
21	0	50000	ind3	36005.0	6	11484,19064,26654,29724,40809,45079
21	0	50000	ind4	33425.0	4	26654,29724,40809,45079
21	10000	60000	ind1	33425.0	4	26654,29724,40809,45079
21	10000	60000	ind2	71665.0	9	17324,19124,26654,29724,30769,38009,40809,45079,48989
21	10000	60000	ind3	36005.0	6	11484,19064,26654,29724,40809,45079
21	10000	60000	ind4	33425.0	4	26654,29724,40809,45079
21	20000	70000	ind1	33425.0	4	26654,29724,40809,45079
21	20000	70000	ind2	52335.0	7	26654,29724,30769,38009,40809,45079,48989
21	20000	70000	ind3	33425.0	4	26654,29724,40809,45079
21	20000	70000	ind4	33425.0	4	26654,29724,40809,45079
21	30000	80000	ind1	9270.0	2	40809,45079
21	30000	80000	ind2	38220.0	5	30769,38009,40809,45079,48989
21	30000	80000	ind3	9270.0	2	40809,45079
21	30000	80000	ind4	9270.0	2	40809,45079
21	40000	90000	ind1	9270.0	2	40809,45079
21	40000	90000	ind2	18180.0	3	40809,45079,48989
21	40000	90000	ind3	9270.0	2	40809,45079
21	40000	90000	ind4	9270.0	2	40809,45079
